🦞 OpenClaw自动备份脚本
======================
执行时间: 2026-03-25 22:00:02

[0;34m[INFO][0m 开始OpenClaw工作区自动备份
[0;34m[INFO][0m 检查Git配置...
[0;34m[INFO][0m 测试GitHub SSH连接...
[0;32m[SUCCESS][0m GitHub SSH连接正常
[0;34m[INFO][0m 开始自动提交...
[0;34m[INFO][0m 检测到 34 个文件有更改
更改摘要:
 M HEARTBEAT.md
 M ai-news-reminder.log
 M backup.log
 D backup.log-20260318.gz
 D backup.log-20260324
 M check-email-notifications.sh
 M cron.log
 D cron.log-20260318.gz
 D cron.log-20260324
 ? generated-code
[0;34m[INFO][0m 添加文件到暂存区...
