[2026-03-23 11:23:09] 开始执行早间新闻推送任务
[2026-03-23 11:23:09] 获取国际新闻...
[2026-03-23 11:23:09] 获取娱乐新闻...
[2026-03-23 11:23:09] 获取AI新闻...
[2026-03-23 11:23:09] 获取设计新闻...
[2026-03-23 11:23:09] 准备发送新闻到微信...
[2026-03-23 11:23:09] 新闻内容长度: 494
[2026-03-23 11:23:09] 新闻内容已保存到 news-to-send.txt，等待发送配置
[2026-03-23 11:23:09] 早间新闻推送任务执行成功
[2026-03-23 11:24:33] 开始执行早间新闻推送任务 v2.0
[2026-03-23 11:24:33] 获取国际新闻...
[2026-03-23 11:24:34] 获取娱乐新闻...
[2026-03-23 11:24:34] 获取AI新闻...
[2026-03-23 11:24:34] 获取设计新闻...
[2026-03-23 11:24:34] 尝试通过OpenClaw发送消息到微信...
[2026-03-23 11:24:34] 新闻内容已准备，长度: 494
[2026-03-23 11:24:34] 新闻推送格式已输出，等待主会话处理
[2026-03-23 11:24:34] 早间新闻推送任务执行成功
[2026-03-23 19:00:54] 开始执行早间新闻推送任务 v2.0
[2026-03-23 19:00:54] 获取国际新闻...
[2026-03-23 19:00:54] 获取娱乐新闻...
[2026-03-23 19:00:54] 获取AI新闻...
[2026-03-23 19:00:54] 获取设计新闻...
[2026-03-23 19:00:54] 获取教育新闻...
[2026-03-23 19:00:54] 尝试通过OpenClaw发送消息到微信...
[2026-03-23 19:00:54] 新闻内容已准备，长度: 648
[2026-03-23 19:00:54] 新闻推送格式已输出，等待主会话处理
[2026-03-23 19:00:54] 早间新闻推送任务执行成功
[2026-03-23 19:01:45] 开始执行早间新闻推送任务 v2.0
[2026-03-23 19:01:45] 获取国际新闻...
[2026-03-23 19:01:45] 获取娱乐新闻...
[2026-03-23 19:01:45] 获取AI新闻...
[2026-03-23 19:01:45] 获取设计新闻...
[2026-03-23 19:01:45] 获取教育新闻...
[2026-03-23 19:01:46] 尝试通过OpenClaw发送消息到微信...
[2026-03-23 19:01:46] 新闻内容已准备，长度: 648
[2026-03-23 19:01:46] 新闻推送格式已输出，等待主会话处理
[2026-03-23 19:01:46] 早间新闻推送任务执行成功
