[2026-03-02 10:05:44] INFO: 开始OpenClaw服务监控检查
[2026-03-02 10:05:44] INFO: 服务运行正常
[2026-03-02 10:05:44] INFO: OpenClaw状态检查通过
[2026-03-02 10:05:44] INFO: 监控检查完成
----------------------------------------
[2026-03-02 10:08:06] INFO: ====== OpenClaw增强监控开始 ======
[2026-03-02 10:08:06] INFO: 服务运行正常
[2026-03-02 10:08:06] INFO: OpenClaw状态检查通过
[2026-03-02 10:08:06] INFO: ====== OpenClaw增强监控完成 ======

[2026-03-02 10:10:02] INFO: ====== OpenClaw增强监控开始 ======
[2026-03-02 10:10:02] ERROR: openclaw命令不可用，可能系统正在重启或安装有问题
[2026-03-02 10:10:02] [ERROR] QQ通知: openclaw命令不可用，可能系统正在重启或安装有问题
[2026-03-02 10:10:02] ERROR: 跳过后续检查
[2026-03-02 10:15:01] INFO: ====== OpenClaw增强监控开始 ======
[2026-03-02 10:15:01] ERROR: openclaw命令不可用，可能系统正在重启或安装有问题
[2026-03-02 10:15:01] [ERROR] QQ通知: openclaw命令不可用，可能系统正在重启或安装有问题
[2026-03-02 10:15:01] ERROR: 跳过后续检查
[2026-03-02 10:20:01] INFO: ====== OpenClaw增强监控开始 ======
[2026-03-02 10:20:01] ERROR: openclaw命令不可用，可能系统正在重启或安装有问题
[2026-03-02 10:20:01] [ERROR] QQ通知: openclaw命令不可用，可能系统正在重启或安装有问题
[2026-03-02 10:20:01] ERROR: 跳过后续检查
[2026-03-02 10:25:01] INFO: ====== OpenClaw增强监控开始 ======
[2026-03-02 10:25:01] ERROR: openclaw命令不可用，可能系统正在重启或安装有问题
[2026-03-02 10:25:01] [ERROR] QQ通知: openclaw命令不可用，可能系统正在重启或安装有问题
[2026-03-02 10:25:01] ERROR: 跳过后续检查
[2026-03-02 10:30:02] INFO: ====== OpenClaw增强监控开始 ======
[2026-03-02 10:30:02] ERROR: openclaw命令不可用，可能系统正在重启或安装有问题
[2026-03-02 10:30:02] [ERROR] QQ通知: openclaw命令不可用，可能系统正在重启或安装有问题
[2026-03-02 10:30:02] ERROR: 跳过后续检查
[2026-03-02 10:35:01] INFO: ====== OpenClaw增强监控开始 ======
[2026-03-02 10:35:01] ERROR: openclaw命令不可用，可能系统正在重启或安装有问题
[2026-03-02 10:35:01] [ERROR] QQ通知: openclaw命令不可用，可能系统正在重启或安装有问题
[2026-03-02 10:35:01] ERROR: 跳过后续检查
[2026-03-02 10:40:01] INFO: ====== OpenClaw增强监控开始 ======
[2026-03-02 10:40:01] ERROR: openclaw命令不可用，可能系统正在重启或安装有问题
[2026-03-02 10:40:01] [ERROR] QQ通知: openclaw命令不可用，可能系统正在重启或安装有问题
[2026-03-02 10:40:01] ERROR: 跳过后续检查
[2026-03-02 10:45:01] INFO: ====== OpenClaw增强监控开始 ======
[2026-03-02 10:45:01] ERROR: openclaw命令不可用，可能系统正在重启或安装有问题
[2026-03-02 10:45:01] [ERROR] QQ通知: openclaw命令不可用，可能系统正在重启或安装有问题
[2026-03-02 10:45:01] ERROR: 跳过后续检查
[2026-03-02 10:50:01] INFO: ====== OpenClaw增强监控开始 ======
[2026-03-02 10:50:01] ERROR: openclaw命令不可用，可能系统正在重启或安装有问题
[2026-03-02 10:50:01] [ERROR] QQ通知: openclaw命令不可用，可能系统正在重启或安装有问题
[2026-03-02 10:50:01] ERROR: 跳过后续检查
[2026-03-02 10:55:02] INFO: ====== OpenClaw增强监控开始 ======
[2026-03-02 10:55:02] ERROR: openclaw命令不可用，可能系统正在重启或安装有问题
[2026-03-02 10:55:02] [ERROR] QQ通知: openclaw命令不可用，可能系统正在重启或安装有问题
[2026-03-02 10:55:02] ERROR: 跳过后续检查
[2026-03-02 10:55:06] INFO: ====== OpenClaw增强监控开始 ======
[2026-03-02 10:55:06] INFO: 服务运行正常
[2026-03-02 10:55:06] INFO: OpenClaw状态检查通过
[2026-03-02 10:55:06] INFO: ====== OpenClaw增强监控完成 ======

[2026-03-02 11:00:01] INFO: ====== OpenClaw增强监控开始 ======
[2026-03-02 11:00:01] ERROR: openclaw命令不可用，可能系统正在重启或安装有问题
[2026-03-02 11:00:01] [ERROR] QQ通知: openclaw命令不可用，可能系统正在重启或安装有问题
[2026-03-02 11:00:01] ERROR: 跳过后续检查
[2026-03-02 11:05:01] INFO: ====== OpenClaw增强监控开始 ======
[2026-03-02 11:05:01] ERROR: openclaw命令不可用，可能系统正在重启或安装有问题
[2026-03-02 11:05:01] [ERROR] QQ通知: openclaw命令不可用，可能系统正在重启或安装有问题
[2026-03-02 11:05:01] ERROR: 跳过后续检查
[2026-03-02 11:10:01] INFO: ====== OpenClaw增强监控开始 ======
[2026-03-02 11:10:01] ERROR: openclaw命令不可用，可能系统正在重启或安装有问题
[2026-03-02 11:10:01] [ERROR] QQ通知: openclaw命令不可用，可能系统正在重启或安装有问题
[2026-03-02 11:10:01] ERROR: 跳过后续检查
[2026-03-02 11:15:02] INFO: ====== OpenClaw增强监控开始 ======
[2026-03-02 11:15:02] ERROR: openclaw命令不可用，可能系统正在重启或安装有问题
[2026-03-02 11:15:02] [ERROR] QQ通知: openclaw命令不可用，可能系统正在重启或安装有问题
[2026-03-02 11:15:02] ERROR: 跳过后续检查
[2026-03-02 11:20:01] INFO: ====== OpenClaw增强监控开始 ======
[2026-03-02 11:20:01] ERROR: openclaw命令不可用，可能系统正在重启或安装有问题
[2026-03-02 11:20:01] [ERROR] QQ通知: openclaw命令不可用，可能系统正在重启或安装有问题
[2026-03-02 11:20:01] ERROR: 跳过后续检查
[2026-03-02 11:25:01] INFO: ====== OpenClaw增强监控开始 ======
[2026-03-02 11:25:01] ERROR: openclaw命令不可用，可能系统正在重启或安装有问题
[2026-03-02 11:25:01] [ERROR] QQ通知: openclaw命令不可用，可能系统正在重启或安装有问题
[2026-03-02 11:25:01] ERROR: 跳过后续检查
[2026-03-02 11:25:27] INFO: ====== OpenClaw增强监控开始 ======
[2026-03-02 11:25:27] WARNING: OpenClaw网关服务已停止
[2026-03-02 11:25:27] [WARNING] QQ通知: OpenClaw网关服务已停止
[2026-03-02 11:25:27] [WARNING] QQ通知发送失败
[2026-03-02 11:25:27] INFO: 正在重启OpenClaw网关服务...
[2026-03-02 11:25:27] ERROR: 服务重启失败
[2026-03-02 11:25:27] [ERROR] QQ通知: 服务重启失败
[2026-03-02 11:25:27] [ERROR] QQ通知发送失败
[2026-03-02 11:25:27] INFO: OpenClaw状态检查通过
[2026-03-02 11:25:27] INFO: ====== OpenClaw增强监控完成 ======

[2026-03-02 11:30:01] INFO: ====== OpenClaw增强监控开始 ======
[2026-03-02 11:30:01] INFO: 服务运行正常
[2026-03-02 11:30:01] INFO: OpenClaw状态检查通过
[2026-03-02 11:30:01] INFO: ====== OpenClaw增强监控完成 ======

[2026-03-02 11:35:02] INFO: ====== OpenClaw增强监控开始 ======
[2026-03-02 11:35:02] INFO: 服务运行正常
[2026-03-02 11:35:02] INFO: OpenClaw状态检查通过
[2026-03-02 11:35:02] INFO: ====== OpenClaw增强监控完成 ======

[2026-03-02 11:40:01] INFO: ====== OpenClaw增强监控开始 ======
[2026-03-02 11:40:01] INFO: 服务运行正常
[2026-03-02 11:40:01] INFO: OpenClaw状态检查通过
[2026-03-02 11:40:01] INFO: ====== OpenClaw增强监控完成 ======

[2026-03-02 11:45:01] INFO: ====== OpenClaw增强监控开始 ======
[2026-03-02 11:45:01] INFO: 服务运行正常
[2026-03-02 11:45:01] INFO: OpenClaw状态检查通过
[2026-03-02 11:45:01] INFO: ====== OpenClaw增强监控完成 ======

[2026-03-02 11:50:01] INFO: ====== OpenClaw增强监控开始 ======
[2026-03-02 11:50:01] INFO: 服务运行正常
[2026-03-02 11:50:01] INFO: OpenClaw状态检查通过
[2026-03-02 11:50:01] INFO: ====== OpenClaw增强监控完成 ======

[2026-03-02 11:55:01] INFO: ====== OpenClaw增强监控开始 ======
[2026-03-02 11:55:01] INFO: 服务运行正常
[2026-03-02 11:55:01] INFO: OpenClaw状态检查通过
[2026-03-02 11:55:01] INFO: ====== OpenClaw增强监控完成 ======

[2026-03-02 12:00:01] INFO: ====== OpenClaw增强监控开始 ======
[2026-03-02 12:00:01] INFO: 服务运行正常
[2026-03-02 12:00:01] INFO: OpenClaw状态检查通过
[2026-03-02 12:00:01] INFO: ====== OpenClaw增强监控完成 ======

[2026-03-02 12:05:02] INFO: ====== OpenClaw增强监控开始 ======
[2026-03-02 12:05:02] INFO: 服务运行正常
[2026-03-02 12:05:02] INFO: OpenClaw状态检查通过
[2026-03-02 12:05:02] INFO: ====== OpenClaw增强监控完成 ======

[2026-03-02 12:10:02] INFO: ====== OpenClaw增强监控开始 ======
[2026-03-02 12:10:02] INFO: 服务运行正常
[2026-03-02 12:10:02] INFO: OpenClaw状态检查通过
[2026-03-02 12:10:02] INFO: ====== OpenClaw增强监控完成 ======

[2026-03-02 12:15:01] INFO: ====== OpenClaw增强监控开始 ======
[2026-03-02 12:15:01] INFO: 服务运行正常
[2026-03-02 12:15:01] INFO: OpenClaw状态检查通过
[2026-03-02 12:15:01] INFO: ====== OpenClaw增强监控完成 ======

[2026-03-02 12:20:02] INFO: ====== OpenClaw增强监控开始 ======
[2026-03-02 12:20:02] INFO: 服务运行正常
[2026-03-02 12:20:02] INFO: OpenClaw状态检查通过
[2026-03-02 12:20:02] INFO: ====== OpenClaw增强监控完成 ======

[2026-03-02 12:25:01] INFO: ====== OpenClaw增强监控开始 ======
[2026-03-02 12:25:01] INFO: 服务运行正常
[2026-03-02 12:25:01] INFO: OpenClaw状态检查通过
[2026-03-02 12:25:01] INFO: ====== OpenClaw增强监控完成 ======

[2026-03-02 12:30:02] INFO: ====== OpenClaw增强监控开始 ======
[2026-03-02 12:30:02] INFO: 服务运行正常
[2026-03-02 12:30:02] INFO: OpenClaw状态检查通过
[2026-03-02 12:30:02] INFO: ====== OpenClaw增强监控完成 ======

[2026-03-02 12:35:01] INFO: ====== OpenClaw增强监控开始 ======
[2026-03-02 12:35:01] INFO: 服务运行正常
[2026-03-02 12:35:01] INFO: OpenClaw状态检查通过
[2026-03-02 12:35:01] INFO: ====== OpenClaw增强监控完成 ======

[2026-03-02 12:40:01] INFO: ====== OpenClaw增强监控开始 ======
[2026-03-02 12:40:01] INFO: 服务运行正常
[2026-03-02 12:40:01] INFO: OpenClaw状态检查通过
[2026-03-02 12:40:01] INFO: ====== OpenClaw增强监控完成 ======

[2026-03-02 12:45:02] INFO: ====== OpenClaw增强监控开始 ======
[2026-03-02 12:45:02] INFO: 服务运行正常
[2026-03-02 12:45:02] INFO: OpenClaw状态检查通过
[2026-03-02 12:45:02] INFO: ====== OpenClaw增强监控完成 ======

[2026-03-02 12:50:01] INFO: ====== OpenClaw增强监控开始 ======
[2026-03-02 12:50:01] INFO: 服务运行正常
[2026-03-02 12:50:01] INFO: OpenClaw状态检查通过
[2026-03-02 12:50:01] INFO: ====== OpenClaw增强监控完成 ======

[2026-03-02 12:55:01] INFO: ====== OpenClaw增强监控开始 ======
[2026-03-02 12:55:01] INFO: 服务运行正常
[2026-03-02 12:55:01] INFO: OpenClaw状态检查通过
[2026-03-02 12:55:01] INFO: ====== OpenClaw增强监控完成 ======

[2026-03-02 13:00:02] INFO: ====== OpenClaw增强监控开始 ======
[2026-03-02 13:00:02] INFO: 服务运行正常
[2026-03-02 13:00:02] INFO: OpenClaw状态检查通过
[2026-03-02 13:00:02] INFO: ====== OpenClaw增强监控完成 ======

[2026-03-02 13:05:02] INFO: ====== OpenClaw增强监控开始 ======
[2026-03-02 13:05:02] INFO: 服务运行正常
[2026-03-02 13:05:02] INFO: OpenClaw状态检查通过
[2026-03-02 13:05:02] INFO: ====== OpenClaw增强监控完成 ======

[2026-03-02 13:10:01] INFO: ====== OpenClaw增强监控开始 ======
[2026-03-02 13:10:01] INFO: 服务运行正常
[2026-03-02 13:10:01] INFO: OpenClaw状态检查通过
[2026-03-02 13:10:01] INFO: ====== OpenClaw增强监控完成 ======

[2026-03-02 13:15:01] INFO: ====== OpenClaw增强监控开始 ======
[2026-03-02 13:15:01] INFO: 服务运行正常
[2026-03-02 13:15:01] INFO: OpenClaw状态检查通过
[2026-03-02 13:15:01] INFO: ====== OpenClaw增强监控完成 ======

[2026-03-02 13:20:01] INFO: ====== OpenClaw增强监控开始 ======
[2026-03-02 13:20:01] INFO: 服务运行正常
[2026-03-02 13:20:01] INFO: OpenClaw状态检查通过
[2026-03-02 13:20:01] INFO: ====== OpenClaw增强监控完成 ======

[2026-03-02 13:25:01] INFO: ====== OpenClaw增强监控开始 ======
[2026-03-02 13:25:01] INFO: 服务运行正常
[2026-03-02 13:25:01] INFO: OpenClaw状态检查通过
[2026-03-02 13:25:01] INFO: ====== OpenClaw增强监控完成 ======

[2026-03-02 13:30:01] INFO: ====== OpenClaw增强监控开始 ======
[2026-03-02 13:30:01] INFO: 服务运行正常
[2026-03-02 13:30:01] INFO: OpenClaw状态检查通过
[2026-03-02 13:30:01] INFO: ====== OpenClaw增强监控完成 ======

[2026-03-02 13:35:01] INFO: ====== OpenClaw增强监控开始 ======
[2026-03-02 13:35:01] INFO: 服务运行正常
[2026-03-02 13:35:01] INFO: OpenClaw状态检查通过
[2026-03-02 13:35:01] INFO: ====== OpenClaw增强监控完成 ======

[2026-03-02 13:40:02] INFO: ====== OpenClaw增强监控开始 ======
[2026-03-02 13:40:02] INFO: 服务运行正常
[2026-03-02 13:40:02] INFO: OpenClaw状态检查通过
[2026-03-02 13:40:02] INFO: ====== OpenClaw增强监控完成 ======

[2026-03-02 13:45:01] INFO: ====== OpenClaw增强监控开始 ======
[2026-03-02 13:45:01] INFO: 服务运行正常
[2026-03-02 13:45:01] INFO: OpenClaw状态检查通过
[2026-03-02 13:45:01] INFO: ====== OpenClaw增强监控完成 ======

[2026-03-02 13:50:01] INFO: ====== OpenClaw增强监控开始 ======
[2026-03-02 13:50:01] INFO: 服务运行正常
[2026-03-02 13:50:01] INFO: OpenClaw状态检查通过
[2026-03-02 13:50:01] INFO: ====== OpenClaw增强监控完成 ======

[2026-03-02 13:55:02] INFO: ====== OpenClaw增强监控开始 ======
[2026-03-02 13:55:02] INFO: 服务运行正常
[2026-03-02 13:55:02] INFO: OpenClaw状态检查通过
[2026-03-02 13:55:02] INFO: ====== OpenClaw增强监控完成 ======

[2026-03-02 14:00:01] INFO: ====== OpenClaw增强监控开始 ======
[2026-03-02 14:00:01] INFO: 服务运行正常
[2026-03-02 14:00:01] INFO: OpenClaw状态检查通过
[2026-03-02 14:00:01] INFO: ====== OpenClaw增强监控完成 ======

[2026-03-02 14:05:02] INFO: ====== OpenClaw增强监控开始 ======
[2026-03-02 14:05:02] INFO: 服务运行正常
[2026-03-02 14:05:02] INFO: OpenClaw状态检查通过
[2026-03-02 14:05:02] INFO: ====== OpenClaw增强监控完成 ======

[2026-03-02 14:10:01] INFO: ====== OpenClaw增强监控开始 ======
[2026-03-02 14:10:01] INFO: 服务运行正常
[2026-03-02 14:10:01] INFO: OpenClaw状态检查通过
[2026-03-02 14:10:01] INFO: ====== OpenClaw增强监控完成 ======

[2026-03-02 14:15:01] INFO: ====== OpenClaw增强监控开始 ======
[2026-03-02 14:15:01] INFO: 服务运行正常
[2026-03-02 14:15:01] INFO: OpenClaw状态检查通过
[2026-03-02 14:15:01] INFO: ====== OpenClaw增强监控完成 ======

[2026-03-02 14:20:01] INFO: ====== OpenClaw增强监控开始 ======
[2026-03-02 14:20:01] INFO: 服务运行正常
[2026-03-02 14:20:01] INFO: OpenClaw状态检查通过
[2026-03-02 14:20:01] INFO: ====== OpenClaw增强监控完成 ======

[2026-03-02 14:25:02] INFO: ====== OpenClaw增强监控开始 ======
[2026-03-02 14:25:02] INFO: 服务运行正常
[2026-03-02 14:25:02] INFO: OpenClaw状态检查通过
[2026-03-02 14:25:02] INFO: ====== OpenClaw增强监控完成 ======

[2026-03-02 14:30:01] INFO: ====== OpenClaw增强监控开始 ======
[2026-03-02 14:30:01] INFO: 服务运行正常
[2026-03-02 14:30:01] INFO: OpenClaw状态检查通过
[2026-03-02 14:30:01] INFO: ====== OpenClaw增强监控完成 ======

[2026-03-02 14:35:01] INFO: ====== OpenClaw增强监控开始 ======
[2026-03-02 14:35:01] INFO: 服务运行正常
[2026-03-02 14:35:01] INFO: OpenClaw状态检查通过
[2026-03-02 14:35:01] INFO: ====== OpenClaw增强监控完成 ======

[2026-03-02 14:40:01] INFO: ====== OpenClaw增强监控开始 ======
[2026-03-02 14:40:01] INFO: 服务运行正常
[2026-03-02 14:40:01] INFO: OpenClaw状态检查通过
[2026-03-02 14:40:01] INFO: ====== OpenClaw增强监控完成 ======

[2026-03-02 14:45:01] INFO: ====== OpenClaw增强监控开始 ======
[2026-03-02 14:45:01] INFO: 服务运行正常
[2026-03-02 14:45:01] INFO: OpenClaw状态检查通过
[2026-03-02 14:45:01] INFO: ====== OpenClaw增强监控完成 ======

[2026-03-02 14:50:02] INFO: ====== OpenClaw增强监控开始 ======
[2026-03-02 14:50:02] INFO: 服务运行正常
[2026-03-02 14:50:02] INFO: OpenClaw状态检查通过
[2026-03-02 14:50:02] INFO: ====== OpenClaw增强监控完成 ======

[2026-03-02 14:55:01] INFO: ====== OpenClaw增强监控开始 ======
[2026-03-02 14:55:01] INFO: 服务运行正常
[2026-03-02 14:55:01] INFO: OpenClaw状态检查通过
[2026-03-02 14:55:01] INFO: ====== OpenClaw增强监控完成 ======

[2026-03-02 15:00:01] INFO: ====== OpenClaw增强监控开始 ======
[2026-03-02 15:00:01] INFO: 服务运行正常
[2026-03-02 15:00:01] INFO: OpenClaw状态检查通过
[2026-03-02 15:00:01] INFO: ====== OpenClaw增强监控完成 ======

[2026-03-02 15:05:02] INFO: ====== OpenClaw增强监控开始 ======
[2026-03-02 15:05:02] INFO: 服务运行正常
[2026-03-02 15:05:02] INFO: OpenClaw状态检查通过
[2026-03-02 15:05:02] INFO: ====== OpenClaw增强监控完成 ======

[2026-03-02 15:10:01] INFO: ====== OpenClaw增强监控开始 ======
[2026-03-02 15:10:01] INFO: 服务运行正常
[2026-03-02 15:10:01] INFO: OpenClaw状态检查通过
[2026-03-02 15:10:01] INFO: ====== OpenClaw增强监控完成 ======

[2026-03-02 15:15:01] INFO: ====== OpenClaw增强监控开始 ======
[2026-03-02 15:15:01] INFO: 服务运行正常
[2026-03-02 15:15:01] INFO: OpenClaw状态检查通过
[2026-03-02 15:15:01] INFO: ====== OpenClaw增强监控完成 ======

[2026-03-02 15:20:02] INFO: ====== OpenClaw增强监控开始 ======
[2026-03-02 15:20:02] INFO: 服务运行正常
[2026-03-02 15:20:02] INFO: OpenClaw状态检查通过
[2026-03-02 15:20:02] INFO: ====== OpenClaw增强监控完成 ======

[2026-03-02 15:25:01] INFO: ====== OpenClaw增强监控开始 ======
[2026-03-02 15:25:01] INFO: 服务运行正常
[2026-03-02 15:25:01] INFO: OpenClaw状态检查通过
[2026-03-02 15:25:01] INFO: ====== OpenClaw增强监控完成 ======

[2026-03-02 15:30:01] INFO: ====== OpenClaw增强监控开始 ======
[2026-03-02 15:30:01] INFO: 服务运行正常
[2026-03-02 15:30:01] INFO: OpenClaw状态检查通过
[2026-03-02 15:30:01] INFO: ====== OpenClaw增强监控完成 ======

[2026-03-02 15:35:01] INFO: ====== OpenClaw增强监控开始 ======
[2026-03-02 15:35:01] INFO: 服务运行正常
[2026-03-02 15:35:01] INFO: OpenClaw状态检查通过
[2026-03-02 15:35:01] INFO: ====== OpenClaw增强监控完成 ======

[2026-03-02 15:40:01] INFO: ====== OpenClaw增强监控开始 ======
[2026-03-02 15:40:01] INFO: 服务运行正常
[2026-03-02 15:40:01] INFO: OpenClaw状态检查通过
[2026-03-02 15:40:01] INFO: ====== OpenClaw增强监控完成 ======

[2026-03-02 15:45:01] INFO: ====== OpenClaw增强监控开始 ======
[2026-03-02 15:45:01] INFO: 服务运行正常
[2026-03-02 15:45:01] INFO: OpenClaw状态检查通过
[2026-03-02 15:45:01] INFO: ====== OpenClaw增强监控完成 ======

[2026-03-02 15:50:02] INFO: ====== OpenClaw增强监控开始 ======
[2026-03-02 15:50:02] INFO: 服务运行正常
[2026-03-02 15:50:02] INFO: OpenClaw状态检查通过
[2026-03-02 15:50:02] INFO: ====== OpenClaw增强监控完成 ======

[2026-03-02 15:55:01] INFO: ====== OpenClaw增强监控开始 ======
[2026-03-02 15:55:01] INFO: 服务运行正常
[2026-03-02 15:55:01] INFO: OpenClaw状态检查通过
[2026-03-02 15:55:01] INFO: ====== OpenClaw增强监控完成 ======

[2026-03-02 16:00:01] INFO: ====== OpenClaw增强监控开始 ======
[2026-03-02 16:00:01] INFO: 服务运行正常
[2026-03-02 16:00:01] INFO: OpenClaw状态检查通过
[2026-03-02 16:00:01] INFO: ====== OpenClaw增强监控完成 ======

[2026-03-02 16:05:02] INFO: ====== OpenClaw增强监控开始 ======
[2026-03-02 16:05:02] INFO: 服务运行正常
[2026-03-02 16:05:02] INFO: OpenClaw状态检查通过
[2026-03-02 16:05:02] INFO: ====== OpenClaw增强监控完成 ======

[2026-03-02 16:10:02] INFO: ====== OpenClaw增强监控开始 ======
[2026-03-02 16:10:02] INFO: 服务运行正常
[2026-03-02 16:10:02] INFO: OpenClaw状态检查通过
[2026-03-02 16:10:02] INFO: ====== OpenClaw增强监控完成 ======

[2026-03-02 16:15:02] INFO: ====== OpenClaw增强监控开始 ======
[2026-03-02 16:15:02] INFO: 服务运行正常
[2026-03-02 16:15:02] INFO: OpenClaw状态检查通过
[2026-03-02 16:15:02] INFO: ====== OpenClaw增强监控完成 ======

[2026-03-02 16:20:01] INFO: ====== OpenClaw增强监控开始 ======
[2026-03-02 16:20:01] INFO: 服务运行正常
[2026-03-02 16:20:01] INFO: OpenClaw状态检查通过
[2026-03-02 16:20:01] INFO: ====== OpenClaw增强监控完成 ======

[2026-03-02 16:25:01] INFO: ====== OpenClaw增强监控开始 ======
[2026-03-02 16:25:01] INFO: 服务运行正常
[2026-03-02 16:25:01] INFO: OpenClaw状态检查通过
[2026-03-02 16:25:01] INFO: ====== OpenClaw增强监控完成 ======

[2026-03-02 16:30:02] INFO: ====== OpenClaw增强监控开始 ======
[2026-03-02 16:30:02] INFO: 服务运行正常
[2026-03-02 16:30:02] INFO: OpenClaw状态检查通过
[2026-03-02 16:30:02] INFO: ====== OpenClaw增强监控完成 ======

[2026-03-02 16:35:01] INFO: ====== OpenClaw增强监控开始 ======
[2026-03-02 16:35:01] INFO: 服务运行正常
[2026-03-02 16:35:01] INFO: OpenClaw状态检查通过
[2026-03-02 16:35:01] INFO: ====== OpenClaw增强监控完成 ======

[2026-03-02 16:40:01] INFO: ====== OpenClaw增强监控开始 ======
[2026-03-02 16:40:01] INFO: 服务运行正常
[2026-03-02 16:40:01] INFO: OpenClaw状态检查通过
[2026-03-02 16:40:01] INFO: ====== OpenClaw增强监控完成 ======

[2026-03-02 16:45:02] INFO: ====== OpenClaw增强监控开始 ======
[2026-03-02 16:45:02] INFO: 服务运行正常
[2026-03-02 16:45:02] INFO: OpenClaw状态检查通过
[2026-03-02 16:45:02] INFO: ====== OpenClaw增强监控完成 ======

[2026-03-02 16:50:01] INFO: ====== OpenClaw增强监控开始 ======
[2026-03-02 16:50:01] INFO: 服务运行正常
[2026-03-02 16:50:01] INFO: OpenClaw状态检查通过
[2026-03-02 16:50:01] INFO: ====== OpenClaw增强监控完成 ======

[2026-03-02 16:55:01] INFO: ====== OpenClaw增强监控开始 ======
[2026-03-02 16:55:01] INFO: 服务运行正常
[2026-03-02 16:55:01] INFO: OpenClaw状态检查通过
[2026-03-02 16:55:01] INFO: ====== OpenClaw增强监控完成 ======

[2026-03-02 17:00:02] INFO: ====== OpenClaw增强监控开始 ======
[2026-03-02 17:00:02] INFO: 服务运行正常
[2026-03-02 17:00:02] INFO: OpenClaw状态检查通过
[2026-03-02 17:00:02] INFO: ====== OpenClaw增强监控完成 ======

[2026-03-02 17:05:01] INFO: ====== OpenClaw增强监控开始 ======
[2026-03-02 17:05:01] INFO: 服务运行正常
[2026-03-02 17:05:01] INFO: OpenClaw状态检查通过
[2026-03-02 17:05:01] INFO: ====== OpenClaw增强监控完成 ======

[2026-03-02 17:10:01] INFO: ====== OpenClaw增强监控开始 ======
[2026-03-02 17:10:01] INFO: 服务运行正常
[2026-03-02 17:10:01] INFO: OpenClaw状态检查通过
[2026-03-02 17:10:01] INFO: ====== OpenClaw增强监控完成 ======

[2026-03-02 17:15:01] INFO: ====== OpenClaw增强监控开始 ======
[2026-03-02 17:15:01] INFO: 服务运行正常
[2026-03-02 17:15:01] INFO: OpenClaw状态检查通过
[2026-03-02 17:15:01] INFO: ====== OpenClaw增强监控完成 ======

[2026-03-02 17:20:01] INFO: ====== OpenClaw增强监控开始 ======
[2026-03-02 17:20:01] INFO: 服务运行正常
[2026-03-02 17:20:01] INFO: OpenClaw状态检查通过
[2026-03-02 17:20:01] INFO: ====== OpenClaw增强监控完成 ======

[2026-03-02 17:25:01] INFO: ====== OpenClaw增强监控开始 ======
[2026-03-02 17:25:01] INFO: 服务运行正常
[2026-03-02 17:25:01] INFO: OpenClaw状态检查通过
[2026-03-02 17:25:01] INFO: ====== OpenClaw增强监控完成 ======

[2026-03-02 17:30:02] INFO: ====== OpenClaw增强监控开始 ======
[2026-03-02 17:30:02] INFO: 服务运行正常
[2026-03-02 17:30:02] INFO: OpenClaw状态检查通过
[2026-03-02 17:30:02] INFO: ====== OpenClaw增强监控完成 ======

[2026-03-02 17:35:02] INFO: ====== OpenClaw增强监控开始 ======
[2026-03-02 17:35:02] INFO: 服务运行正常
[2026-03-02 17:35:02] INFO: OpenClaw状态检查通过
[2026-03-02 17:35:02] INFO: ====== OpenClaw增强监控完成 ======

[2026-03-02 17:40:01] INFO: ====== OpenClaw增强监控开始 ======
[2026-03-02 17:40:01] INFO: 服务运行正常
[2026-03-02 17:40:01] INFO: OpenClaw状态检查通过
[2026-03-02 17:40:01] INFO: ====== OpenClaw增强监控完成 ======

[2026-03-02 17:45:02] INFO: ====== OpenClaw增强监控开始 ======
[2026-03-02 17:45:02] INFO: 服务运行正常
[2026-03-02 17:45:02] INFO: OpenClaw状态检查通过
[2026-03-02 17:45:02] INFO: ====== OpenClaw增强监控完成 ======

[2026-03-02 17:50:01] INFO: ====== OpenClaw增强监控开始 ======
[2026-03-02 17:50:01] INFO: 服务运行正常
[2026-03-02 17:50:01] INFO: OpenClaw状态检查通过
[2026-03-02 17:50:01] INFO: ====== OpenClaw增强监控完成 ======

[2026-03-02 17:55:01] INFO: ====== OpenClaw增强监控开始 ======
[2026-03-02 17:55:01] INFO: 服务运行正常
[2026-03-02 17:55:01] INFO: OpenClaw状态检查通过
[2026-03-02 17:55:01] INFO: ====== OpenClaw增强监控完成 ======

[2026-03-02 18:00:02] INFO: ====== OpenClaw增强监控开始 ======
[2026-03-02 18:00:02] INFO: 服务运行正常
[2026-03-02 18:00:02] INFO: OpenClaw状态检查通过
[2026-03-02 18:00:02] INFO: ====== OpenClaw增强监控完成 ======

[2026-03-02 18:05:01] INFO: ====== OpenClaw增强监控开始 ======
[2026-03-02 18:05:01] INFO: 服务运行正常
[2026-03-02 18:05:01] INFO: OpenClaw状态检查通过
[2026-03-02 18:05:01] INFO: ====== OpenClaw增强监控完成 ======

[2026-03-02 18:10:01] INFO: ====== OpenClaw增强监控开始 ======
[2026-03-02 18:10:01] INFO: 服务运行正常
[2026-03-02 18:10:01] INFO: OpenClaw状态检查通过
[2026-03-02 18:10:01] INFO: ====== OpenClaw增强监控完成 ======

[2026-03-02 18:15:01] INFO: ====== OpenClaw增强监控开始 ======
[2026-03-02 18:15:01] INFO: 服务运行正常
[2026-03-02 18:15:01] INFO: OpenClaw状态检查通过
[2026-03-02 18:15:01] INFO: ====== OpenClaw增强监控完成 ======

[2026-03-02 18:20:01] INFO: ====== OpenClaw增强监控开始 ======
[2026-03-02 18:20:01] INFO: 服务运行正常
[2026-03-02 18:20:01] INFO: OpenClaw状态检查通过
[2026-03-02 18:20:01] INFO: ====== OpenClaw增强监控完成 ======

[2026-03-02 18:25:02] INFO: ====== OpenClaw增强监控开始 ======
[2026-03-02 18:25:02] INFO: 服务运行正常
[2026-03-02 18:25:02] INFO: OpenClaw状态检查通过
[2026-03-02 18:25:02] INFO: ====== OpenClaw增强监控完成 ======

[2026-03-02 18:30:01] INFO: ====== OpenClaw增强监控开始 ======
[2026-03-02 18:30:01] INFO: 服务运行正常
[2026-03-02 18:30:01] INFO: OpenClaw状态检查通过
[2026-03-02 18:30:01] INFO: ====== OpenClaw增强监控完成 ======

[2026-03-02 18:35:01] INFO: ====== OpenClaw增强监控开始 ======
[2026-03-02 18:35:01] INFO: 服务运行正常
[2026-03-02 18:35:01] INFO: OpenClaw状态检查通过
[2026-03-02 18:35:01] INFO: ====== OpenClaw增强监控完成 ======

[2026-03-02 18:40:01] INFO: ====== OpenClaw增强监控开始 ======
[2026-03-02 18:40:01] INFO: 服务运行正常
[2026-03-02 18:40:01] INFO: OpenClaw状态检查通过
[2026-03-02 18:40:01] INFO: ====== OpenClaw增强监控完成 ======

[2026-03-02 18:45:02] INFO: ====== OpenClaw增强监控开始 ======
[2026-03-02 18:45:02] INFO: 服务运行正常
[2026-03-02 18:45:02] INFO: OpenClaw状态检查通过
[2026-03-02 18:45:02] INFO: ====== OpenClaw增强监控完成 ======

[2026-03-02 18:50:01] INFO: ====== OpenClaw增强监控开始 ======
[2026-03-02 18:50:01] INFO: 服务运行正常
[2026-03-02 18:50:01] INFO: OpenClaw状态检查通过
[2026-03-02 18:50:01] INFO: ====== OpenClaw增强监控完成 ======

[2026-03-02 18:55:01] INFO: ====== OpenClaw增强监控开始 ======
[2026-03-02 18:55:01] INFO: 服务运行正常
[2026-03-02 18:55:01] INFO: OpenClaw状态检查通过
[2026-03-02 18:55:01] INFO: ====== OpenClaw增强监控完成 ======

[2026-03-02 19:00:02] INFO: ====== OpenClaw增强监控开始 ======
[2026-03-02 19:00:02] INFO: 服务运行正常
[2026-03-02 19:00:02] INFO: OpenClaw状态检查通过
[2026-03-02 19:00:02] INFO: ====== OpenClaw增强监控完成 ======

[2026-03-02 19:05:02] INFO: ====== OpenClaw增强监控开始 ======
[2026-03-02 19:05:02] INFO: 服务运行正常
[2026-03-02 19:05:02] INFO: OpenClaw状态检查通过
[2026-03-02 19:05:02] INFO: ====== OpenClaw增强监控完成 ======

[2026-03-02 19:10:01] INFO: ====== OpenClaw增强监控开始 ======
[2026-03-02 19:10:01] INFO: 服务运行正常
[2026-03-02 19:10:01] INFO: OpenClaw状态检查通过
[2026-03-02 19:10:01] INFO: ====== OpenClaw增强监控完成 ======

[2026-03-02 19:15:01] INFO: ====== OpenClaw增强监控开始 ======
[2026-03-02 19:15:01] INFO: 服务运行正常
[2026-03-02 19:15:01] INFO: OpenClaw状态检查通过
[2026-03-02 19:15:01] INFO: ====== OpenClaw增强监控完成 ======

[2026-03-02 19:20:01] INFO: ====== OpenClaw增强监控开始 ======
[2026-03-02 19:20:01] INFO: 服务运行正常
[2026-03-02 19:20:01] INFO: OpenClaw状态检查通过
[2026-03-02 19:20:01] INFO: ====== OpenClaw增强监控完成 ======

[2026-03-02 19:25:02] INFO: ====== OpenClaw增强监控开始 ======
[2026-03-02 19:25:02] INFO: 服务运行正常
[2026-03-02 19:25:02] INFO: OpenClaw状态检查通过
[2026-03-02 19:25:02] INFO: ====== OpenClaw增强监控完成 ======

[2026-03-02 19:30:01] INFO: ====== OpenClaw增强监控开始 ======
[2026-03-02 19:30:01] INFO: 服务运行正常
[2026-03-02 19:30:01] INFO: OpenClaw状态检查通过
[2026-03-02 19:30:01] INFO: ====== OpenClaw增强监控完成 ======

[2026-03-02 19:35:01] INFO: ====== OpenClaw增强监控开始 ======
[2026-03-02 19:35:01] INFO: 服务运行正常
[2026-03-02 19:35:01] INFO: OpenClaw状态检查通过
[2026-03-02 19:35:01] INFO: ====== OpenClaw增强监控完成 ======

[2026-03-02 19:40:01] INFO: ====== OpenClaw增强监控开始 ======
[2026-03-02 19:40:01] INFO: 服务运行正常
[2026-03-02 19:40:01] INFO: OpenClaw状态检查通过
[2026-03-02 19:40:01] INFO: ====== OpenClaw增强监控完成 ======

[2026-03-02 19:45:01] INFO: ====== OpenClaw增强监控开始 ======
[2026-03-02 19:45:01] INFO: 服务运行正常
[2026-03-02 19:45:01] INFO: OpenClaw状态检查通过
[2026-03-02 19:45:01] INFO: ====== OpenClaw增强监控完成 ======

[2026-03-02 19:50:02] INFO: ====== OpenClaw增强监控开始 ======
[2026-03-02 19:50:02] INFO: 服务运行正常
[2026-03-02 19:50:02] INFO: OpenClaw状态检查通过
[2026-03-02 19:50:02] INFO: ====== OpenClaw增强监控完成 ======

[2026-03-02 19:55:02] INFO: ====== OpenClaw增强监控开始 ======
[2026-03-02 19:55:02] INFO: 服务运行正常
[2026-03-02 19:55:02] INFO: OpenClaw状态检查通过
[2026-03-02 19:55:02] INFO: ====== OpenClaw增强监控完成 ======

[2026-03-02 20:00:01] INFO: ====== OpenClaw增强监控开始 ======
[2026-03-02 20:00:01] INFO: 服务运行正常
[2026-03-02 20:00:01] INFO: OpenClaw状态检查通过
[2026-03-02 20:00:01] INFO: ====== OpenClaw增强监控完成 ======

[2026-03-02 20:05:01] INFO: ====== OpenClaw增强监控开始 ======
[2026-03-02 20:05:01] INFO: 服务运行正常
[2026-03-02 20:05:01] INFO: OpenClaw状态检查通过
[2026-03-02 20:05:01] INFO: ====== OpenClaw增强监控完成 ======

[2026-03-02 20:10:02] INFO: ====== OpenClaw增强监控开始 ======
[2026-03-02 20:10:02] INFO: 服务运行正常
[2026-03-02 20:10:02] INFO: OpenClaw状态检查通过
[2026-03-02 20:10:02] INFO: ====== OpenClaw增强监控完成 ======

[2026-03-02 20:15:02] INFO: ====== OpenClaw增强监控开始 ======
[2026-03-02 20:15:02] INFO: 服务运行正常
[2026-03-02 20:15:02] INFO: OpenClaw状态检查通过
[2026-03-02 20:15:02] INFO: ====== OpenClaw增强监控完成 ======

[2026-03-02 20:20:02] INFO: ====== OpenClaw增强监控开始 ======
[2026-03-02 20:20:02] INFO: 服务运行正常
[2026-03-02 20:20:02] INFO: OpenClaw状态检查通过
[2026-03-02 20:20:02] INFO: ====== OpenClaw增强监控完成 ======

[2026-03-02 20:25:02] INFO: ====== OpenClaw增强监控开始 ======
[2026-03-02 20:25:02] INFO: 服务运行正常
[2026-03-02 20:25:02] INFO: OpenClaw状态检查通过
[2026-03-02 20:25:02] INFO: ====== OpenClaw增强监控完成 ======

[2026-03-02 20:30:01] INFO: ====== OpenClaw增强监控开始 ======
[2026-03-02 20:30:01] INFO: 服务运行正常
[2026-03-02 20:30:01] INFO: OpenClaw状态检查通过
[2026-03-02 20:30:01] INFO: ====== OpenClaw增强监控完成 ======

[2026-03-02 20:35:01] INFO: ====== OpenClaw增强监控开始 ======
[2026-03-02 20:35:01] INFO: 服务运行正常
[2026-03-02 20:35:01] INFO: OpenClaw状态检查通过
[2026-03-02 20:35:01] INFO: ====== OpenClaw增强监控完成 ======

[2026-03-02 20:40:01] INFO: ====== OpenClaw增强监控开始 ======
[2026-03-02 20:40:01] INFO: 服务运行正常
[2026-03-02 20:40:01] INFO: OpenClaw状态检查通过
[2026-03-02 20:40:01] INFO: ====== OpenClaw增强监控完成 ======

[2026-03-02 20:45:01] INFO: ====== OpenClaw增强监控开始 ======
[2026-03-02 20:45:01] INFO: 服务运行正常
[2026-03-02 20:45:01] INFO: OpenClaw状态检查通过
[2026-03-02 20:45:01] INFO: ====== OpenClaw增强监控完成 ======

[2026-03-02 20:50:02] INFO: ====== OpenClaw增强监控开始 ======
[2026-03-02 20:50:02] INFO: 服务运行正常
[2026-03-02 20:50:02] INFO: OpenClaw状态检查通过
[2026-03-02 20:50:02] INFO: ====== OpenClaw增强监控完成 ======

[2026-03-02 20:55:02] INFO: ====== OpenClaw增强监控开始 ======
[2026-03-02 20:55:02] INFO: 服务运行正常
[2026-03-02 20:55:02] INFO: OpenClaw状态检查通过
[2026-03-02 20:55:02] INFO: ====== OpenClaw增强监控完成 ======

[2026-03-02 21:00:02] INFO: ====== OpenClaw增强监控开始 ======
[2026-03-02 21:00:02] INFO: 服务运行正常
[2026-03-02 21:00:02] INFO: OpenClaw状态检查通过
[2026-03-02 21:00:02] INFO: ====== OpenClaw增强监控完成 ======

[2026-03-02 21:05:01] INFO: ====== OpenClaw增强监控开始 ======
[2026-03-02 21:05:01] INFO: 服务运行正常
[2026-03-02 21:05:01] INFO: OpenClaw状态检查通过
[2026-03-02 21:05:01] INFO: ====== OpenClaw增强监控完成 ======

[2026-03-02 21:10:01] INFO: ====== OpenClaw增强监控开始 ======
[2026-03-02 21:10:01] INFO: 服务运行正常
[2026-03-02 21:10:01] INFO: OpenClaw状态检查通过
[2026-03-02 21:10:01] INFO: ====== OpenClaw增强监控完成 ======

[2026-03-02 21:15:01] INFO: ====== OpenClaw增强监控开始 ======
[2026-03-02 21:15:01] INFO: 服务运行正常
[2026-03-02 21:15:01] INFO: OpenClaw状态检查通过
[2026-03-02 21:15:01] INFO: ====== OpenClaw增强监控完成 ======

[2026-03-02 21:20:01] INFO: ====== OpenClaw增强监控开始 ======
[2026-03-02 21:20:01] INFO: 服务运行正常
[2026-03-02 21:20:01] INFO: OpenClaw状态检查通过
[2026-03-02 21:20:01] INFO: ====== OpenClaw增强监控完成 ======

[2026-03-02 21:25:02] INFO: ====== OpenClaw增强监控开始 ======
[2026-03-02 21:25:02] INFO: 服务运行正常
[2026-03-02 21:25:02] INFO: OpenClaw状态检查通过
[2026-03-02 21:25:02] INFO: ====== OpenClaw增强监控完成 ======

[2026-03-02 21:30:01] INFO: ====== OpenClaw增强监控开始 ======
[2026-03-02 21:30:01] INFO: 服务运行正常
[2026-03-02 21:30:01] INFO: OpenClaw状态检查通过
[2026-03-02 21:30:01] INFO: ====== OpenClaw增强监控完成 ======

[2026-03-02 21:35:01] INFO: ====== OpenClaw增强监控开始 ======
[2026-03-02 21:35:01] INFO: 服务运行正常
[2026-03-02 21:35:01] INFO: OpenClaw状态检查通过
[2026-03-02 21:35:01] INFO: ====== OpenClaw增强监控完成 ======

[2026-03-02 21:40:02] INFO: ====== OpenClaw增强监控开始 ======
[2026-03-02 21:40:02] INFO: 服务运行正常
[2026-03-02 21:40:02] INFO: OpenClaw状态检查通过
[2026-03-02 21:40:02] INFO: ====== OpenClaw增强监控完成 ======

[2026-03-02 21:45:02] INFO: ====== OpenClaw增强监控开始 ======
[2026-03-02 21:45:02] INFO: 服务运行正常
[2026-03-02 21:45:02] INFO: OpenClaw状态检查通过
[2026-03-02 21:45:02] INFO: ====== OpenClaw增强监控完成 ======

[2026-03-02 21:50:02] INFO: ====== OpenClaw增强监控开始 ======
[2026-03-02 21:50:02] INFO: 服务运行正常
[2026-03-02 21:50:02] INFO: OpenClaw状态检查通过
[2026-03-02 21:50:02] INFO: ====== OpenClaw增强监控完成 ======

[2026-03-02 21:55:01] INFO: ====== OpenClaw增强监控开始 ======
[2026-03-02 21:55:01] INFO: 服务运行正常
[2026-03-02 21:55:01] INFO: OpenClaw状态检查通过
[2026-03-02 21:55:01] INFO: ====== OpenClaw增强监控完成 ======

[2026-03-02 22:00:01] INFO: ====== OpenClaw增强监控开始 ======
[2026-03-02 22:00:01] INFO: 服务运行正常
