[0;34m[2026-03-09 22:22:21][0m 开始更新 AI Daily Insights 内容...
[0;34m[2026-03-09 22:22:21][0m 项目目录: /root/.openclaw/workspace/ai-daily-website
[0;34m[2026-03-09 22:22:21][0m 数据目录: /root/.openclaw/workspace/ai-daily-website/data
[0;34m[2026-03-09 22:22:21][0m === 开始执行更新流程 ===
[0;34m[2026-03-09 22:22:21][0m 获取最新AI论文...
[0;32m✓[0m 论文数据更新完成
[0;34m[2026-03-09 22:22:21][0m 获取最新AI资讯...
[0;32m✓[0m 资讯数据更新完成
[0;34m[2026-03-09 22:22:21][0m 生成网站统计数据...
[0;32m✓[0m 统计数据生成完成
[0;34m[2026-03-09 22:22:21][0m 更新网站元数据...
[0;32m✓[0m 元数据更新完成
[0;34m[2026-03-09 22:22:21][0m 发送更新通知...
[0;32m✓[0m 更新报告生成完成
[0;34m[2026-03-09 22:22:21][0m === 更新流程完成 ===
[0;32m✓[0m 所有内容更新完成！
[0;34m[2026-03-09 22:42:05][0m 开始更新 AI Daily Insights 内容...
[0;34m[2026-03-09 22:42:05][0m 项目目录: /root/.openclaw/workspace/ai-daily-website
[0;34m[2026-03-09 22:42:05][0m 数据目录: /root/.openclaw/workspace/ai-daily-website/data
[0;34m[2026-03-09 22:42:05][0m === 开始执行更新流程 ===
[0;34m[2026-03-09 22:42:05][0m 获取最新AI论文...
[0;32m✓[0m 论文数据更新完成
[0;34m[2026-03-09 22:42:05][0m 获取最新AI资讯...
[0;32m✓[0m 资讯数据更新完成
[0;34m[2026-03-09 22:42:05][0m 生成网站统计数据...
[0;32m✓[0m 统计数据生成完成
[0;34m[2026-03-09 22:42:05][0m 更新网站元数据...
[0;32m✓[0m 元数据更新完成
[0;34m[2026-03-09 22:42:05][0m 发送更新通知...
[0;32m✓[0m 更新报告生成完成
[0;34m[2026-03-09 22:42:05][0m === 更新流程完成 ===
[0;32m✓[0m 所有内容更新完成！
